###############################################################################
#
# IAR ELF Linker V7.50.2.10312/W32 for ARM                29/Dec/2017  17:34:47
# Copyright 2007-2015 IAR Systems AB.
#
#    Output file  =  
#        C:\Users\Demian\Documents\STUDY\Diplom\StepperPrograms\f051driverMC\EWARM\Debug\Exe\c.out
#    Map file     =  
#        C:\Users\Demian\Documents\STUDY\Diplom\StepperPrograms\f051driverMC\EWARM\Debug\List\c.map
#    Command line =  
#        C:\Users\Demian\Documents\STUDY\Diplom\StepperPrograms\f051driverMC\EWARM\Debug\Obj\adc.o
#        C:\Users\Demian\Documents\STUDY\Diplom\StepperPrograms\f051driverMC\EWARM\Debug\Obj\gpio.o
#        C:\Users\Demian\Documents\STUDY\Diplom\StepperPrograms\f051driverMC\EWARM\Debug\Obj\main.o
#        C:\Users\Demian\Documents\STUDY\Diplom\StepperPrograms\f051driverMC\EWARM\Debug\Obj\motor.o
#        C:\Users\Demian\Documents\STUDY\Diplom\StepperPrograms\f051driverMC\EWARM\Debug\Obj\startup_stm32f051.o
#        C:\Users\Demian\Documents\STUDY\Diplom\StepperPrograms\f051driverMC\EWARM\Debug\Obj\stm32f0xx_adc.o
#        C:\Users\Demian\Documents\STUDY\Diplom\StepperPrograms\f051driverMC\EWARM\Debug\Obj\stm32f0xx_can.o
#        C:\Users\Demian\Documents\STUDY\Diplom\StepperPrograms\f051driverMC\EWARM\Debug\Obj\stm32f0xx_cec.o
#        C:\Users\Demian\Documents\STUDY\Diplom\StepperPrograms\f051driverMC\EWARM\Debug\Obj\stm32f0xx_comp.o
#        C:\Users\Demian\Documents\STUDY\Diplom\StepperPrograms\f051driverMC\EWARM\Debug\Obj\stm32f0xx_crc.o
#        C:\Users\Demian\Documents\STUDY\Diplom\StepperPrograms\f051driverMC\EWARM\Debug\Obj\stm32f0xx_crs.o
#        C:\Users\Demian\Documents\STUDY\Diplom\StepperPrograms\f051driverMC\EWARM\Debug\Obj\stm32f0xx_dac.o
#        C:\Users\Demian\Documents\STUDY\Diplom\StepperPrograms\f051driverMC\EWARM\Debug\Obj\stm32f0xx_dbgmcu.o
#        C:\Users\Demian\Documents\STUDY\Diplom\StepperPrograms\f051driverMC\EWARM\Debug\Obj\stm32f0xx_dma.o
#        C:\Users\Demian\Documents\STUDY\Diplom\StepperPrograms\f051driverMC\EWARM\Debug\Obj\stm32f0xx_exti.o
#        C:\Users\Demian\Documents\STUDY\Diplom\StepperPrograms\f051driverMC\EWARM\Debug\Obj\stm32f0xx_flash.o
#        C:\Users\Demian\Documents\STUDY\Diplom\StepperPrograms\f051driverMC\EWARM\Debug\Obj\stm32f0xx_gpio.o
#        C:\Users\Demian\Documents\STUDY\Diplom\StepperPrograms\f051driverMC\EWARM\Debug\Obj\stm32f0xx_i2c.o
#        C:\Users\Demian\Documents\STUDY\Diplom\StepperPrograms\f051driverMC\EWARM\Debug\Obj\stm32f0xx_it.o
#        C:\Users\Demian\Documents\STUDY\Diplom\StepperPrograms\f051driverMC\EWARM\Debug\Obj\stm32f0xx_iwdg.o
#        C:\Users\Demian\Documents\STUDY\Diplom\StepperPrograms\f051driverMC\EWARM\Debug\Obj\stm32f0xx_misc.o
#        C:\Users\Demian\Documents\STUDY\Diplom\StepperPrograms\f051driverMC\EWARM\Debug\Obj\stm32f0xx_pwr.o
#        C:\Users\Demian\Documents\STUDY\Diplom\StepperPrograms\f051driverMC\EWARM\Debug\Obj\stm32f0xx_rcc.o
#        C:\Users\Demian\Documents\STUDY\Diplom\StepperPrograms\f051driverMC\EWARM\Debug\Obj\stm32f0xx_rtc.o
#        C:\Users\Demian\Documents\STUDY\Diplom\StepperPrograms\f051driverMC\EWARM\Debug\Obj\stm32f0xx_spi.o
#        C:\Users\Demian\Documents\STUDY\Diplom\StepperPrograms\f051driverMC\EWARM\Debug\Obj\stm32f0xx_syscfg.o
#        C:\Users\Demian\Documents\STUDY\Diplom\StepperPrograms\f051driverMC\EWARM\Debug\Obj\stm32f0xx_tim.o
#        C:\Users\Demian\Documents\STUDY\Diplom\StepperPrograms\f051driverMC\EWARM\Debug\Obj\stm32f0xx_usart.o
#        C:\Users\Demian\Documents\STUDY\Diplom\StepperPrograms\f051driverMC\EWARM\Debug\Obj\stm32f0xx_wwdg.o
#        C:\Users\Demian\Documents\STUDY\Diplom\StepperPrograms\f051driverMC\EWARM\Debug\Obj\system_stm32f0xx.o
#        C:\Users\Demian\Documents\STUDY\Diplom\StepperPrograms\f051driverMC\EWARM\Debug\Obj\tim.o
#        -o
#        C:\Users\Demian\Documents\STUDY\Diplom\StepperPrograms\f051driverMC\EWARM\Debug\Exe\c.out
#        --redirect _Printf=_PrintfFull --redirect _Scanf=_ScanfFull --map
#        C:\Users\Demian\Documents\STUDY\Diplom\StepperPrograms\f051driverMC\EWARM\Debug\List\c.map
#        --config "C:\Program Files (x86)\IAR Systems\Embedded Workbench
#        7.3\arm\config\linker\ST\stm32f051x6.icf" --semihosting --entry
#        __iar_program_start --no_vfe
#
###############################################################################

*******************************************************************************
*** RUNTIME MODEL ATTRIBUTES
***

CppFlavor       = *
__SystemLibrary = DLib


*******************************************************************************
*** PLACEMENT SUMMARY
***

"A1":  place at 0x08000000 { ro section .intvec };
"P1":  place in [from 0x08000000 to 0x08007fff] { ro };
"P2":  place in [from 0x20000000 to 0x20001fff] { rw, block CSTACK, block HEAP };

  Section            Kind        Address    Size  Object
  -------            ----        -------    ----  ------
"A1":                                       0xc0
  .intvec            ro code  0x08000000    0xc0  startup_stm32f051.o [1]
                            - 0x080000c0    0xc0

"P1":                                     0x15d4
  .text              ro code  0x080000c0  0x123e  adc.o [1]
  .text              ro code  0x080012fe    0xe0  I32DivModFast.o [4]
  .text              ro code  0x080013de     0x2  startup_stm32f051.o [1]
  .text              ro code  0x080013e0     0x2  IntDivZer.o [4]
  .text              ro code  0x080013e2     0x2  startup_stm32f051.o [1]
  .rodata            const    0x080013e4    0x60  adc.o [1]
  .rodata            const    0x08001444    0x5c  adc.o [1]
  .rodata            const    0x080014a0    0x5c  adc.o [1]
  .rodata            const    0x080014fc    0x5c  adc.o [1]
  .text              ro code  0x08001558    0x3c  startup_stm32f051.o [1]
  .text              ro code  0x08001594    0x3c  packbits_init_single.o [4]
  .text              ro code  0x080015d0    0x28  data_init.o [4]
  .iar.init_table    const    0x080015f8    0x10  - Linker created -
  .text              ro code  0x08001608    0x1a  cmain.o [4]
  .text              ro code  0x08001622     0x4  low_level_init.o [3]
  .text              ro code  0x08001626     0x8  exit.o [3]
  .text              ro code  0x0800162e     0x2  startup_stm32f051.o [1]
  .text              ro code  0x08001630     0xa  cexit.o [4]
  .text              ro code  0x0800163a     0x2  startup_stm32f051.o [1]
  .text              ro code  0x0800163c    0x14  exit.o [5]
  .text              ro code  0x08001650     0xc  cstartup_M.o [4]
  .text              ro code  0x0800165c     0x2  startup_stm32f051.o [1]
  .text              ro code  0x0800165e     0x2  startup_stm32f051.o [1]
  .text              ro code  0x08001660     0x2  startup_stm32f051.o [1]
  .text              ro code  0x08001662     0x2  startup_stm32f051.o [1]
  .text              ro code  0x08001664     0x2  startup_stm32f051.o [1]
  .text              ro code  0x08001666     0x2  startup_stm32f051.o [1]
  .text              ro code  0x08001668     0x2  startup_stm32f051.o [1]
  .text              ro code  0x0800166a     0x2  startup_stm32f051.o [1]
  .text              ro code  0x0800166c     0x2  startup_stm32f051.o [1]
  .text              ro code  0x0800166e     0x2  startup_stm32f051.o [1]
  .text              ro code  0x08001670     0x2  startup_stm32f051.o [1]
  .text              ro code  0x08001672     0x2  startup_stm32f051.o [1]
  .text              ro code  0x08001674     0x2  startup_stm32f051.o [1]
  .text              ro code  0x08001676     0x2  startup_stm32f051.o [1]
  .text              ro code  0x08001678     0x2  startup_stm32f051.o [1]
  .text              ro code  0x0800167a     0x2  startup_stm32f051.o [1]
  .text              ro code  0x0800167c     0x2  startup_stm32f051.o [1]
  .text              ro code  0x0800167e     0x2  startup_stm32f051.o [1]
  .text              ro code  0x08001680     0x2  startup_stm32f051.o [1]
  .text              ro code  0x08001682     0x2  startup_stm32f051.o [1]
  .text              ro code  0x08001684     0x2  startup_stm32f051.o [1]
  .text              ro code  0x08001686     0x2  startup_stm32f051.o [1]
  .text              ro code  0x08001688     0x2  startup_stm32f051.o [1]
  .text              ro code  0x0800168a     0x2  startup_stm32f051.o [1]
  .rodata            const    0x0800168c     0x0  packbits_init_single.o [4]
  Initializer bytes  const    0x0800168c     0x8  <for P2-1>
                            - 0x08001694  0x15d4

"P2", part 1 of 2:                          0x23
  P2-1                        0x20000000    0x23  <Init block>
    .data            inited   0x20000000     0x4  adc.o [1]
    .data            inited   0x20000004     0x4  adc.o [1]
    .bss             inited   0x20000008     0x4  adc.o [1]
    .bss             inited   0x2000000c     0x4  adc.o [1]
    .bss             inited   0x20000010     0x4  adc.o [1]
    .bss             inited   0x20000014     0x2  adc.o [1]
    .bss             inited   0x20000016     0x2  adc.o [1]
    .bss             inited   0x20000018     0x2  adc.o [1]
    .bss             inited   0x2000001a     0x2  adc.o [1]
    .bss             inited   0x2000001c     0x2  adc.o [1]
    .bss             inited   0x2000001e     0x2  adc.o [1]
    .bss             inited   0x20000020     0x2  adc.o [1]
    .bss             inited   0x20000022     0x1  adc.o [1]
                            - 0x20000023    0x23

"P2", part 2 of 2:                         0x800
  CSTACK                      0x20000028   0x800  <Block>
    CSTACK           uninit   0x20000028   0x800  <Block tail>
                            - 0x20000828   0x800


*******************************************************************************
*** INIT TABLE
***

          Address     Size
          -------     ----
Copy/packbits (__iar_packbits_init_single3)
    1 source range, total size 0x8 (22% of destination):
          0x0800168c   0x8
    1 destination range, total size 0x23:
          0x20000000  0x23



*******************************************************************************
*** MODULE SUMMARY
***

    Module                  ro code  ro data  rw data
    ------                  -------  -------  -------
C:\Users\Demian\Documents\STUDY\Diplom\StepperPrograms\f051driverMC\EWARM\Debug\Obj: [1]
    adc.o                     4 670      380       35
    startup_stm32f051.o         308
    -------------------------------------------------
    Total:                    4 978      380       35

command line: [2]
    -------------------------------------------------
    Total:

dl6M_tln.a: [3]
    exit.o                        8
    low_level_init.o              4
    -------------------------------------------------
    Total:                       12

rt6M_tl.a: [4]
    I32DivModFast.o             224
    IntDivZer.o                   2
    cexit.o                      10
    cmain.o                      26
    cstartup_M.o                 12
    data_init.o                  40
    packbits_init_single.o       60
    -------------------------------------------------
    Total:                      374

shb_l.a: [5]
    exit.o                       20
    -------------------------------------------------
    Total:                       20

    Linker created                        16    2 048
-----------------------------------------------------
    Grand Total:              5 384      396    2 083


*******************************************************************************
*** ENTRY LIST
***

Entry                      Address   Size  Type      Object
-----                      -------   ----  ----      ------
.iar.init_table$$Base   0x080015f8          --   Gb  - Linker created -
.iar.init_table$$Limit  0x08001608          --   Gb  - Linker created -
?main                   0x08001609         Code  Gb  cmain.o [4]
ADC_ChannelConfig       0x08000729   0x68  Code  Gb  adc.o [1]
ADC_Cmd                 0x080006cb   0x42  Code  Gb  adc.o [1]
ADC_Config              0x080000c1   0xae  Code  Gb  adc.o [1]
ADC_DMACmd              0x080007f9   0x44  Code  Gb  adc.o [1]
ADC_DMARequestModeConfig
                        0x08000845   0x24  Code  Gb  adc.o [1]
ADC_DeInit              0x08000565   0x2e  Code  Gb  adc.o [1]
ADC_GetCalibrationFactor
                        0x08000791   0x46  Code  Gb  adc.o [1]
ADC_GetFlagStatus       0x0800086d   0x78  Code  Gb  adc.o [1]
ADC_Init                0x080005b5   0xf0  Code  Gb  adc.o [1]
ADC_StartOfConversion   0x080007d7   0x1c  Code  Gb  adc.o [1]
ADC_StructInit          0x080006b1   0x1a  Code  Gb  adc.o [1]
CSTACK$$Base            0x20000028          --   Gb  - Linker created -
CSTACK$$Limit           0x20000828          --   Gb  - Linker created -
DMA_Cmd                 0x08000c51   0x88  Code  Gb  adc.o [1]
DMA_Config              0x0800016f   0x58  Code  Gb  adc.o [1]
DMA_DeInit              0x08000915  0x16c  Code  Gb  adc.o [1]
DMA_Init                0x08000abd  0x182  Code  Gb  adc.o [1]
GPIO_CH1_Driver_Init    0x080001c7   0x62  Code  Gb  adc.o [1]
GPIO_Init               0x08000d19  0x148  Code  Gb  adc.o [1]
GPIO_LED_Init           0x08000229   0x2c  Code  Gb  adc.o [1]
HardFault_Handler       0x08000e7b    0x4  Code  Gb  adc.o [1]
LEDBlink                0x080002d9   0x2a  Code  Gb  adc.o [1]
Motor_CH1_Init          0x0800054d   0x18  Code  Gb  adc.o [1]
NMI_Handler             0x08000e79    0x2  Code  Gb  adc.o [1]
PendSV_Handler          0x08000e81    0x2  Code  Gb  adc.o [1]
RCC_AHBPeriphClockCmd   0x08000e83   0x4c  Code  Gb  adc.o [1]
RCC_APB2PeriphResetCmd  0x08000ed5   0x4c  Code  Gb  adc.o [1]
Region$$Table$$Base     0x080015f8          --   Gb  - Linker created -
Region$$Table$$Limit    0x08001608          --   Gb  - Linker created -
RegularConvData_Tab     0x20000008    0x4  Data  Gb  adc.o [1]
SVC_Handler             0x08000e7f    0x2  Code  Gb  adc.o [1]
SysTick_Handler         0x080012c9    0x2  Code  Gb  adc.o [1]
SystemInit              0x08000f45   0x6e  Code  Gb  adc.o [1]
TIM2_PWM_Init           0x080011c1   0x9c  Code  Gb  adc.o [1]
TIM6_DAC_IRQHandler     0x08001175   0x44  Code  Gb  adc.o [1]
TIM6_Init               0x08001105   0x4a  Code  Gb  adc.o [1]
__ICFEDIT_region_RAM_end__ {Abs}
                        0x20001fff          --   Gb  command line/config [2]
__ICFEDIT_region_RAM_start__ {Abs}
                        0x20000000          --   Gb  command line/config [2]
__aeabi_idiv            0x0800132b         Code  Gb  I32DivModFast.o [4]
__aeabi_idiv0           0x080013e1         Code  Gb  IntDivZer.o [4]
__aeabi_idivmod         0x0800132b         Code  Gb  I32DivModFast.o [4]
__aeabi_uidiv           0x08001331         Code  Gb  I32DivModFast.o [4]
__aeabi_uidivmod        0x08001331         Code  Gb  I32DivModFast.o [4]
__cmain                 0x08001609         Code  Gb  cmain.o [4]
__exit                  0x0800163d   0x14  Code  Gb  exit.o [5]
__iar_data_init3        0x080015d1   0x28  Code  Gb  data_init.o [4]
__iar_packbits_init_single3
                        0x08001595   0x3c  Code  Gb  packbits_init_single.o [4]
__iar_program_start     0x08001651         Code  Gb  cstartup_M.o [4]
__low_level_init        0x08001623    0x4  Code  Gb  low_level_init.o [3]
__vector_table          0x08000000         Data  Gb  startup_stm32f051.o [1]
_call_main              0x08001615         Code  Gb  cmain.o [4]
_exit                   0x08001631         Code  Gb  cexit.o [4]
_main                   0x0800161f         Code  Gb  cmain.o [4]
assert_failed           0x08000309    0x4  Code  Gb  adc.o [1]
delay                   0x080012cb   0x34  Code  Gb  adc.o [1]
exit                    0x08001627    0x8  Code  Gb  exit.o [3]
h_pos                   0x20000016    0x2  Data  Gb  adc.o [1]
m1_Move_To              0x0800030d    0x6  Code  Gb  adc.o [1]
m1_Run_Microstep        0x08000369  0x1de  Code  Gb  adc.o [1]
m1_Steps_Available      0x08000313   0x18  Code  Gb  adc.o [1]
main                    0x08000255   0x7a  Code  Gb  adc.o [1]
microsteps_gl           0x20000020    0x2  Data  Gb  adc.o [1]
steps_gl                0x2000001e    0x2  Data  Gb  adc.o [1]
v_pos                   0x20000014    0x2  Data  Gb  adc.o [1]


[1] = C:\Users\Demian\Documents\STUDY\Diplom\StepperPrograms\f051driverMC\EWARM\Debug\Obj
[2] = command line
[3] = dl6M_tln.a
[4] = rt6M_tl.a
[5] = shb_l.a

  5 384 bytes of readonly  code memory
    396 bytes of readonly  data memory
  2 083 bytes of readwrite data memory

Errors: none
Warnings: none
