###############################################################################
#
# IAR ELF Linker V7.50.2.10312/W32 for ARM                08/Nov/2017  23:52:10
# Copyright 2007-2015 IAR Systems AB.
#
#    Output file  =  
#        C:\Users\Demian\Documents\STUDY\Diploma\StepperPrograms\f051driverMC\Debug\Exe\c.out
#    Map file     =  
#        C:\Users\Demian\Documents\STUDY\Diploma\StepperPrograms\f051driverMC\Debug\List\c.map
#    Command line =  
#        C:\Users\Demian\Documents\STUDY\Diploma\StepperPrograms\f051driverMC\Debug\Obj\gpio.o
#        C:\Users\Demian\Documents\STUDY\Diploma\StepperPrograms\f051driverMC\Debug\Obj\main.o
#        C:\Users\Demian\Documents\STUDY\Diploma\StepperPrograms\f051driverMC\Debug\Obj\startup_stm32f051.o
#        C:\Users\Demian\Documents\STUDY\Diploma\StepperPrograms\f051driverMC\Debug\Obj\system_stm32f0xx.o
#        C:\Users\Demian\Documents\STUDY\Diploma\StepperPrograms\f051driverMC\Debug\Obj\tim.o
#        -o
#        C:\Users\Demian\Documents\STUDY\Diploma\StepperPrograms\f051driverMC\Debug\Exe\c.out
#        --redirect _Printf=_PrintfFull --redirect _Scanf=_ScanfFull --map
#        C:\Users\Demian\Documents\STUDY\Diploma\StepperPrograms\f051driverMC\Debug\List\c.map
#        --config "C:\Program Files (x86)\IAR Systems\Embedded Workbench
#        7.3\arm\config\linker\ST\stm32f051x6.icf" --semihosting --entry
#        __iar_program_start --vfe
#
###############################################################################

*******************************************************************************
*** RUNTIME MODEL ATTRIBUTES
***

CppFlavor       = *
__SystemLibrary = DLib


*******************************************************************************
*** PLACEMENT SUMMARY
***

"A1":  place at 0x08000000 { ro section .intvec };
"P1":  place in [from 0x08000000 to 0x08007fff] { ro };
"P2":  place in [from 0x20000000 to 0x20001fff] { rw, block CSTACK, block HEAP };

  Section          Kind        Address   Size  Object
  -------          ----        -------   ----  ------
"A1":                                    0xc0
  .intvec          ro code  0x08000000   0xc0  startup_stm32f051.o [1]
                          - 0x080000c0   0xc0

"P1":                                   0x576
  .text            ro code  0x080000c0  0x354  gpio.o [1]
  .text            ro code  0x08000414   0xe0  I32DivModFast.o [4]
  .text            ro code  0x080004f4    0x2  IntDivZer.o [4]
  .text            ro code  0x080004f6    0x2  startup_stm32f051.o [1]
  .text            ro code  0x080004f8   0x3c  startup_stm32f051.o [1]
  .text            ro code  0x08000534   0x3c  zero_init3.o [4]
  .text            ro code  0x08000570   0x28  data_init.o [4]
  .iar.init_table  const    0x08000598   0x10  - Linker created -
  .text            ro code  0x080005a8   0x1a  cmain.o [4]
  .text            ro code  0x080005c2    0x4  low_level_init.o [3]
  .text            ro code  0x080005c6    0x8  exit.o [3]
  .text            ro code  0x080005ce    0x2  startup_stm32f051.o [1]
  .text            ro code  0x080005d0    0xa  cexit.o [4]
  .text            ro code  0x080005da    0x2  startup_stm32f051.o [1]
  .text            ro code  0x080005dc   0x14  exit.o [5]
  .text            ro code  0x080005f0    0xc  cstartup_M.o [4]
  .text            ro code  0x080005fc    0x2  startup_stm32f051.o [1]
  .text            ro code  0x080005fe    0x2  startup_stm32f051.o [1]
  .text            ro code  0x08000600    0x2  startup_stm32f051.o [1]
  .text            ro code  0x08000602    0x2  startup_stm32f051.o [1]
  .text            ro code  0x08000604    0x2  startup_stm32f051.o [1]
  .text            ro code  0x08000606    0x2  startup_stm32f051.o [1]
  .text            ro code  0x08000608    0x2  startup_stm32f051.o [1]
  .text            ro code  0x0800060a    0x2  startup_stm32f051.o [1]
  .text            ro code  0x0800060c    0x2  startup_stm32f051.o [1]
  .text            ro code  0x0800060e    0x2  startup_stm32f051.o [1]
  .text            ro code  0x08000610    0x2  startup_stm32f051.o [1]
  .text            ro code  0x08000612    0x2  startup_stm32f051.o [1]
  .text            ro code  0x08000614    0x2  startup_stm32f051.o [1]
  .text            ro code  0x08000616    0x2  startup_stm32f051.o [1]
  .text            ro code  0x08000618    0x2  startup_stm32f051.o [1]
  .text            ro code  0x0800061a    0x2  startup_stm32f051.o [1]
  .text            ro code  0x0800061c    0x2  startup_stm32f051.o [1]
  .text            ro code  0x0800061e    0x2  startup_stm32f051.o [1]
  .text            ro code  0x08000620    0x2  startup_stm32f051.o [1]
  .text            ro code  0x08000622    0x2  startup_stm32f051.o [1]
  .text            ro code  0x08000624    0x2  startup_stm32f051.o [1]
  .text            ro code  0x08000626    0x2  startup_stm32f051.o [1]
  .text            ro code  0x08000628    0x2  startup_stm32f051.o [1]
  .text            ro code  0x0800062a    0x2  startup_stm32f051.o [1]
  .text            ro code  0x0800062c    0x2  startup_stm32f051.o [1]
  .text            ro code  0x0800062e    0x2  startup_stm32f051.o [1]
  .text            ro code  0x08000630    0x2  startup_stm32f051.o [1]
  .text            ro code  0x08000632    0x2  startup_stm32f051.o [1]
  .text            ro code  0x08000634    0x2  startup_stm32f051.o [1]
  .rodata          const    0x08000636    0x0  zero_init3.o [4]
                          - 0x08000636  0x576

"P2", part 1 of 2:                        0x8
  .bss             zero     0x20000000    0x4  gpio.o [1]
  .bss             zero     0x20000004    0x2  gpio.o [1]
  .bss             zero     0x20000006    0x2  gpio.o [1]
                          - 0x20000008    0x8

"P2", part 2 of 2:                      0x800
  CSTACK                    0x20000008  0x800  <Block>
    CSTACK         uninit   0x20000008  0x800  <Block tail>
                          - 0x20000808  0x800


*******************************************************************************
*** INIT TABLE
***

          Address     Size
          -------     ----
Zero (__iar_zero_init3)
    1 destination range, total size 0x8:
          0x20000000   0x8



*******************************************************************************
*** MODULE SUMMARY
***

    Module               ro code  ro data  rw data
    ------               -------  -------  -------
C:\Users\Demian\Documents\STUDY\Diploma\StepperPrograms\f051driverMC\Debug\Obj: [1]
    gpio.o                   852                 8
    startup_stm32f051.o      316
    ----------------------------------------------
    Total:                 1 168                 8

command line: [2]
    ----------------------------------------------
    Total:

dl6M_tln.a: [3]
    exit.o                     8
    low_level_init.o           4
    ----------------------------------------------
    Total:                    12

rt6M_tl.a: [4]
    I32DivModFast.o          224
    IntDivZer.o                2
    cexit.o                   10
    cmain.o                   26
    cstartup_M.o              12
    data_init.o               40
    zero_init3.o              60
    ----------------------------------------------
    Total:                   374

shb_l.a: [5]
    exit.o                    20
    ----------------------------------------------
    Total:                    20

    Linker created                     16    2 048
--------------------------------------------------
    Grand Total:           1 574       16    2 056


*******************************************************************************
*** ENTRY LIST
***

Entry                      Address  Size  Type      Object
-----                      -------  ----  ----      ------
.iar.init_table$$Base   0x08000598         --   Gb  - Linker created -
.iar.init_table$$Limit  0x080005a8         --   Gb  - Linker created -
?main                   0x080005a9        Code  Gb  cmain.o [4]
CSTACK$$Base            0x20000008         --   Gb  - Linker created -
CSTACK$$Limit           0x20000808         --   Gb  - Linker created -
GPIO_LED_Init           0x080000c1  0x2c  Code  Gb  gpio.o [1]
Region$$Table$$Base     0x08000598         --   Gb  - Linker created -
Region$$Table$$Limit    0x080005a8         --   Gb  - Linker created -
SysTick_Handler         0x08000149   0xc  Code  Gb  gpio.o [1]
SystemInit              0x08000155  0x6e  Code  Gb  gpio.o [1]
TIM6_DAC_IRQHandler     0x08000399  0x2a  Code  Gb  gpio.o [1]
TIM6_Init               0x0800032d  0x4a  Code  Gb  gpio.o [1]
__ICFEDIT_region_RAM_end__ {Abs}
                        0x20001fff         --   Gb  command line/config [2]
__ICFEDIT_region_RAM_start__ {Abs}
                        0x20000000         --   Gb  command line/config [2]
__aeabi_idiv            0x08000441        Code  Gb  I32DivModFast.o [4]
__aeabi_idiv0           0x080004f5        Code  Gb  IntDivZer.o [4]
__aeabi_idivmod         0x08000441        Code  Gb  I32DivModFast.o [4]
__aeabi_uidiv           0x08000447        Code  Gb  I32DivModFast.o [4]
__aeabi_uidivmod        0x08000447        Code  Gb  I32DivModFast.o [4]
__cmain                 0x080005a9        Code  Gb  cmain.o [4]
__exit                  0x080005dd  0x14  Code  Gb  exit.o [5]
__iar_data_init3        0x08000571  0x28  Code  Gb  data_init.o [4]
__iar_program_start     0x080005f1        Code  Gb  cstartup_M.o [4]
__iar_zero_init3        0x08000535  0x3c  Code  Gb  zero_init3.o [4]
__low_level_init        0x080005c3   0x4  Code  Gb  low_level_init.o [3]
__vector_table          0x08000000        Data  Gb  startup_stm32f051.o [1]
_call_main              0x080005b5        Code  Gb  cmain.o [4]
_exit                   0x080005d1        Code  Gb  cexit.o [4]
_main                   0x080005bf        Code  Gb  cmain.o [4]
exit                    0x080005c7   0x8  Code  Gb  exit.o [3]
main                    0x080000ed  0x32  Code  Gb  gpio.o [1]
prev_steps              0x20000004   0x2  Data  Gb  gpio.o [1]
processCount            0x0800011f  0x2a  Code  Gb  gpio.o [1]
steps_gl                0x20000006   0x2  Data  Gb  gpio.o [1]
sysTicks                0x20000000   0x4  Data  Gb  gpio.o [1]


[1] = C:\Users\Demian\Documents\STUDY\Diploma\StepperPrograms\f051driverMC\Debug\Obj
[2] = command line
[3] = dl6M_tln.a
[4] = rt6M_tl.a
[5] = shb_l.a

  1 574 bytes of readonly  code memory
     16 bytes of readonly  data memory
  2 056 bytes of readwrite data memory

Errors: none
Warnings: none
